Microchip MPLAB XC8 Compiler V2.46

Linker command line:

-W-3 \
  --edf=C:\Program Files\Microchip\xc8\v2.46\pic\dat\20240104201356_en.msgs \
  -cn -h+dist/default/production\LIMPIADOR_16F877A.X.production.sym \
  --cmf=dist/default/production\LIMPIADOR_16F877A.X.production.cmf -z \
  -Q16F877A -oC:\Users\USUARIO\AppData\Local\Temp\xcCsde0.2\driver_tmp_3.o \
  --defsym=__MPLAB_BUILD=1 --fixupoverflow=error \
  -Mdist/default/production/LIMPIADOR_16F877A.X.production.map \
  --md=C:\Users\USUARIO\AppData\Local\Temp\xcCsde0.2\driver_tmp_0.dat -E1 \
  -ver=XC8 Compiler --acfsm=1493 -ACODE=00h-07FFhx4 -ASTRCODE=00h-01FFFh \
  -ASTRING=00h-0FFhx32 -ACONST=00h-0FFhx32 -AENTRY=00h-0FFhx32 \
  -ACOMMON=070h-07Fh -ABANK0=020h-06Fh -ABANK1=0A0h-0EFh \
  -ABANK2=0110h-016Fh -ABANK3=0190h-01EFh \
  -ARAM=020h-06Fh,0A0h-0EFh,0110h-016Fh,0190h-01EFh \
  -AABS1=020h-07Fh,0A0h-0EFh,0110h-016Fh,0190h-01EFh -ASFR0=00h-01Fh \
  -ASFR1=080h-09Fh -ASFR2=0100h-010Fh -ASFR3=0180h-018Fh \
  -ACONFIG=02007h-02007h -DCONFIG=2 -AIDLOC=02000h-02003h -DIDLOC=2 \
  -AEEDATA=00h-0FFh/02100h -peeprom_data=EEDATA -DEEDATA=2 -DCODE=2 \
  -DSTRCODE=2 -DSTRING=2 -DCONST=2 -DENTRY=2 \
  -preset_vec=00h,intentry=04h,sivt,init,end_init -ppowerup=CODE \
  -pcinit=CODE -pfunctab=ENTRY -k \
  C:\Users\USUARIO\AppData\Local\Temp\xcCsde0.2\driver_tmp_12.o \
  dist/default/production\LIMPIADOR_16F877A.X.production.o 

Object code version is 3.11

Machine type is 16F877A



                Name                               Link     Load   Length Selector   Space Scale
C:\Users\USUARIO\AppData\Local\Temp\xcCsde0.2\driver_tmp_12.o
                end_init                              C        C        3        8       0
                reset_vec                             0        0        3        0       0
                config                             2007     2007        1        0       4
dist/default/production\LIMPIADOR_16F877A.X.production.o
                cinit                                 F        F        F        8       0
                intentry                              4        4        8        8       0
                config                             2007     2007        1        0       4
                text6                               483      483       1E        8       0
                text5                               45A      45A       29        8       0
                text4                               426      426       34        8       0
                text3                               3E0      3E0       46        8       0
                text2                               34C      34C       94        8       0
                text1                               1C9      1C9      183        8       0
                maintext                             1E       1E      1AB        8       0
                cstackBANK0                          4C       4C        8       20       1
                cstackCOMMON                         70       70        8       70       1
                clrtext                             4B4      4B4        8      968       0
                bssBANK0                             20       20       2C       20       1
                bssCOMMON                            78       78        2       70       1
                strings                             4A1      4A1       13      942       0

TOTAL           Name                               Link     Load   Length     Space
        CLASS   CODE           
                end_init                              C        C        3         0
                cinit                                 F        F        F         0
                intentry                              4        4        8         0
                reset_vec                             0        0        3         0
                text6                               483      483       1E         0
                text5                               45A      45A       29         0
                text4                               426      426       34         0
                text3                               3E0      3E0       46         0
                text2                               34C      34C       94         0
                text1                               1C9      1C9      183         0
                maintext                             1E       1E      1AB         0
                clrtext                             4B4      4B4        8         0

        CLASS   STRCODE        

        CLASS   STRING         
                strings                             4A1      4A1       13         0

        CLASS   CONST          

        CLASS   ENTRY          

        CLASS   COMMON         
                cstackCOMMON                         70       70        8         1
                bssCOMMON                            78       78        2         1

        CLASS   BANK0          
                cstackBANK0                          4C       4C        8         1
                bssBANK0                             20       20       2C         1

        CLASS   BANK1          

        CLASS   BANK2          

        CLASS   BANK3          

        CLASS   RAM            

        CLASS   ABS1           
                abs_s1                               7E       7E        2         1

        CLASS   SFR0           

        CLASS   SFR1           

        CLASS   SFR2           

        CLASS   SFR3           

        CLASS   CONFIG         
                config                             2007     2007        1         4

        CLASS   IDLOC          

        CLASS   EEDATA         

        CLASS   HEAP           

        CLASS   STACK          



SEGMENTS        Name                           Load    Length   Top    Selector   Space  Class     Delta

                reset_vec                      000000  000003  000003         0       0  CODE        2
                intentry                       000004  00049D  0004A1         8       0  CODE        2
                bssBANK0                       000020  000034  000054        20       1  BANK0       1
                cstackCOMMON                   000070  00000A  00007A        70       1  COMMON      1
                strings                        0004A1  000013  0004B4       942       0  STRING      2
                clrtext                        0004B4  000008  0004BC       968       0  CODE        2


UNUSED ADDRESS RANGES

        Name                Unused          Largest block    Delta
        BANK0            0054-006F             1C           1
        BANK1            00A0-00EF             50           1
        BANK2            0110-016F             60           1
        BANK3            0190-01EF             60           1
        CODE             0003-0003              1           2
                         04BC-1FFF            800
        COMMON           007A-007D              4           1
        CONST            0003-0003              1           2
                         04BC-1FFF            100
        EEDATA           2100-21FF            100           2
        ENTRY            0003-0003              1           2
                         04BC-1FFF            100
        IDLOC            2000-2003              4           2
        RAM              0054-006F             1C           1
                         00A0-00EF             50
                         0110-016F             60
                         0190-01EF             60
        SFR0             0000-001F             20           1
        SFR1             0080-009F             20           1
        SFR2             0100-010F             10           1
        SFR3             0180-018F             10           1
        STRCODE          0003-0003              1           2
                         04BC-1FFF           1B44
        STRING           0003-0003              1           2
                         04BC-1FFF            100

                                  Symbol Table

_INTCONbits               (abs)        000B
_INT_TMR0                 text6        0483
_OPTION_REGbits           (abs)        0081
_PORTA                    (abs)        0005
_PORTB                    (abs)        0006
_PORTBbits                (abs)        0006
_PORTD                    (abs)        0008
_PORTE                    (abs)        0009
_PORTEbits                (abs)        0009
_TMR0                     (abs)        0001
_TRISA                    (abs)        0085
_TRISB                    (abs)        0086
_TRISD                    (abs)        0088
_TRISE                    (abs)        0089
__H__absolute__           __absolute__ 0000
__Habs1                   abs1         0000
__Hbank0                  bank0        0000
__Hbank1                  bank1        0000
__Hbank2                  bank2        0000
__Hbank3                  bank3        0000
__HbssBANK0               bssBANK0     0000
__HbssCOMMON              bssCOMMON    0000
__Hcinit                  cinit        001E
__Hclrtext                clrtext      0000
__Hcode                   code         0000
__Hcommon                 common       0000
__Hconfig                 config       2008
__HcstackBANK0            cstackBANK0  0000
__HcstackCOMMON           cstackCOMMON 0000
__Heeprom_data            eeprom_data  0000
__Hend_init               end_init     000F
__Hfunctab                functab      0000
__Hheap                   heap         0000
__Hinit                   init         000C
__Hintentry               intentry     000C
__Hmaintext               maintext     0000
__Hpowerup                powerup      0000
__Hram                    ram          0000
__Hreset_vec              reset_vec    0003
__Hsfr0                   sfr0         0000
__Hsfr1                   sfr1         0000
__Hsfr2                   sfr2         0000
__Hsfr3                   sfr3         0000
__Hsivt                   sivt         000C
__Hspace_0                (abs)        04BC
__Hspace_1                (abs)        007A
__Hspace_2                (abs)        0000
__Hspace_3                (abs)        0000
__Hspace_4                (abs)        400F
__Hstack                  stack        0000
__Hstrings                strings      0000
__Htext                   text         0000
__L__absolute__           __absolute__ 0000
__Labs1                   abs1         0000
__Lbank0                  bank0        0000
__Lbank1                  bank1        0000
__Lbank2                  bank2        0000
__Lbank3                  bank3        0000
__LbssBANK0               bssBANK0     0000
__LbssCOMMON              bssCOMMON    0000
__Lcinit                  cinit        000F
__Lclrtext                clrtext      0000
__Lcode                   code         0000
__Lcommon                 common       0000
__Lconfig                 config       0000
__LcstackBANK0            cstackBANK0  0000
__LcstackCOMMON           cstackCOMMON 0000
__Leeprom_data            eeprom_data  0000
__Lend_init               end_init     000C
__Lfunctab                functab      0000
__Lheap                   heap         0000
__Linit                   init         000C
__Lintentry               intentry     0004
__Lmaintext               maintext     0000
__Lpowerup                powerup      0000
__Lram                    ram          0000
__Lreset_vec              reset_vec    0000
__Lsfr0                   sfr0         0000
__Lsfr1                   sfr1         0000
__Lsfr2                   sfr2         0000
__Lsfr3                   sfr3         0000
__Lsivt                   sivt         000C
__Lspace_0                (abs)        0000
__Lspace_1                (abs)        0000
__Lspace_2                (abs)        0000
__Lspace_3                (abs)        0000
__Lspace_4                (abs)        0000
__Lstack                  stack        0000
__Lstrings                strings      0000
__Ltext                   text         0000
__S0                      (abs)        04BC
__S1                      (abs)        007A
__S3                      (abs)        0000
___heap_hi                (abs)        0000
___heap_lo                (abs)        0000
___int_sp                 stack        0000
___int_stack_hi           stack        0000
___int_stack_lo           stack        0000
___latbits                (abs)        0002
___sp                     stack        0000
___stack_hi               stack        0000
___stack_lo               stack        0000
___stackhi                (abs)        0000
___stacklo                (abs)        0000
__end_of_INT_TMR0         text6        04A1
__end_of__initialization  cinit        001A
__end_of__stringtab       strings      04A7
__end_of_config_registros text5        0483
__end_of_decremento_time  text4        045A
__end_of_display          strings      04B1
__end_of_incremento_time  text3        0426
__end_of_main             maintext     01C9
__end_of_mensaje_on       strings      04B4
__end_of_mensajes         text1        034C
__end_of_visualizar       text2        03E0
__initialization          cinit        000F
__pbssBANK0               bssBANK0     0020
__pbssCOMMON              bssCOMMON    0078
__pcstackBANK0            cstackBANK0  004C
__pcstackCOMMON           cstackCOMMON 0070
__pintentry               intentry     0004
__pmaintext               maintext     001E
__pstrings                strings      04A1
__ptext1                  text1        01C9
__ptext2                  text2        034C
__ptext3                  text3        03E0
__ptext4                  text4        0426
__ptext5                  text5        045A
__ptext6                  text6        0483
__stringbase              strings      04A6
__stringtab               strings      04A1
_anterior                 bssBANK0     0034
_anterior_35w             bssBANK0     0024
_anterior_50w             bssBANK0     002C
_cent                     bssBANK0     0044
_config_registros         text5        045A
_cont                     bssBANK0     0042
_dece                     bssBANK0     0046
_decremento_time          text4        0426
_display                  strings      04A7
_incremento_time          text3        03E0
_main                     maintext     001E
_mens_anterior_35w        bssBANK0     0020
_mens_anterior_50w        bssBANK0     0028
_mensaje_display          bssBANK0     004A
_mensaje_on               strings      04B1
_mensajes                 text1        01C9
_milisegundos             bssBANK0     0038
_seleccion                bssCOMMON    0078
_state                    bssCOMMON    0079
_unid                     bssBANK0     0048
_visualizar               text2        034C
btemp                     (abs)        007E
clear_ram0                clrtext      04B4
end_of_initialization     cinit        001A
interrupt_function        intentry     0004
intlevel0                 functab      0000
intlevel1                 functab      0000
intlevel2                 functab      0000
intlevel3                 functab      0000
intlevel4                 functab      0000
intlevel5                 functab      0000
mensajes@guarda_c         bssBANK0     003C
mensajes@guarda_d         bssBANK0     003E
mensajes@guarda_u         bssBANK0     0040
reset_vec                 reset_vec    0000
saved_w                   (abs)        007E
start                     init         000C
start_initialization      cinit        000F
visualizar@VER            cstackCOMMON 0077
visualizar@centena        cstackCOMMON 0074
visualizar@decena         cstackCOMMON 0073
visualizar@unidad         cstackCOMMON 0072
wtemp0                    (abs)        007E


MODULE INFORMATION

Module		Function		Class		Link	Load	Size
shared
		__stringtab    		STRING         	04A1	0000	6
		_display       		STRING         	04A7	0000	10
		__initialization		CODE           	000F	0000	11
		_mensaje_on    		STRING         	04B1	0000	3

shared estimated size: 30

Codigo_fuente.c
		_config_registros		CODE           	045A	0000	41
		_decremento_time		CODE           	0426	0000	52
		_main          		CODE           	001E	0000	427
		_incremento_time		CODE           	03E0	0000	70
		_INT_TMR0      		CODE           	0483	0000	30
		_mensajes      		CODE           	01C9	0000	387
		_visualizar    		CODE           	034C	0000	148

Codigo_fuente.c estimated size: 1155

