Microchip MPLAB XC8 Compiler V2.46

Linker command line:

-W-3 \
  --edf=C:\Program Files\Microchip\xc8\v2.46\pic\dat\20240104201356_en.msgs \
  -cn -h+dist/default/production\LIMPIADOR_16F877A.X.production.sym \
  --cmf=dist/default/production\LIMPIADOR_16F877A.X.production.cmf -z \
  -Q16F877A -oC:\Users\USUARIO\AppData\Local\Temp\xcAscpg.\driver_tmp_3.o \
  --defsym=__MPLAB_BUILD=1 --fixupoverflow=error \
  -Mdist/default/production/LIMPIADOR_16F877A.X.production.map \
  --md=C:\Users\USUARIO\AppData\Local\Temp\xcAscpg.\driver_tmp_0.dat -E1 \
  -ver=XC8 Compiler --acfsm=1493 -ACODE=00h-07FFhx4 -ASTRCODE=00h-01FFFh \
  -ASTRING=00h-0FFhx32 -ACONST=00h-0FFhx32 -AENTRY=00h-0FFhx32 \
  -ACOMMON=070h-07Fh -ABANK0=020h-06Fh -ABANK1=0A0h-0EFh \
  -ABANK2=0110h-016Fh -ABANK3=0190h-01EFh \
  -ARAM=020h-06Fh,0A0h-0EFh,0110h-016Fh,0190h-01EFh \
  -AABS1=020h-07Fh,0A0h-0EFh,0110h-016Fh,0190h-01EFh -ASFR0=00h-01Fh \
  -ASFR1=080h-09Fh -ASFR2=0100h-010Fh -ASFR3=0180h-018Fh \
  -ACONFIG=02007h-02007h -DCONFIG=2 -AIDLOC=02000h-02003h -DIDLOC=2 \
  -AEEDATA=00h-0FFh/02100h -peeprom_data=EEDATA -DEEDATA=2 -DCODE=2 \
  -DSTRCODE=2 -DSTRING=2 -DCONST=2 -DENTRY=2 \
  -preset_vec=00h,intentry=04h,sivt,init,end_init -ppowerup=CODE \
  -pcinit=CODE -pfunctab=ENTRY -k \
  C:\Users\USUARIO\AppData\Local\Temp\xcAscpg.\driver_tmp_12.o \
  dist/default/production\LIMPIADOR_16F877A.X.production.o 

Object code version is 3.11

Machine type is 16F877A



                Name                               Link     Load   Length Selector   Space Scale
C:\Users\USUARIO\AppData\Local\Temp\xcAscpg.\driver_tmp_12.o
                end_init                              C        C        3        8       0
                reset_vec                             0        0        3        0       0
                config                             2007     2007        1        0       4
dist/default/production\LIMPIADOR_16F877A.X.production.o
                cinit                                 F        F       1A        8       0
                intentry                              4        4        8        8       0
                config                             2007     2007        1        0       4
                text16                              569      569       1E      944       0
                text15                              5CF      5CF        9      944       0
                text14                              4A2      4A2       2C      944       0
                text13                              3FA      3FA       59        8       0
                text12                              587      587       15      944       0
                text11                              2A4      2A4       76        8       0
                text10                              1FD      1FD       A7        8       0
                text9                               4CE      4CE       2A      944       0
                text8                               4F8      4F8       29      944       0
                text7                               154      154       A9        8       0
                text6                               5AF      5AF       11      944       0
                text5                               5C0      5C0        F      944       0
                text4                               38F      38F       6B        8       0
                text3                                29       29      12B        8       0
                text2                               31A      31A       75        8       0
                text1                               521      521       26      944       0
                maintext                            547      547       22      944       0
                cstackBANK0                          20       20       1E       20       1
                cstackCOMMON                         70       70        C       70       1
                clrtext                             5D8      5D8        8      944       0
                inittext                            59C      59C       13      944       0
                dataBANK0                            5A       5A        7       20       1
                bssBANK0                             3E       3E       1C       20       1
                strings                             453      453       4F      8A6       0
                idataBANK0                          5E0      5E0        7      944       0

TOTAL           Name                               Link     Load   Length     Space
        CLASS   CODE           
                end_init                              C        C        3         0
                cinit                                 F        F       1A         0
                intentry                              4        4        8         0
                reset_vec                             0        0        3         0
                text16                              569      569       1E         0
                text15                              5CF      5CF        9         0
                text14                              4A2      4A2       2C         0
                text13                              3FA      3FA       59         0
                text12                              587      587       15         0
                text11                              2A4      2A4       76         0
                text10                              1FD      1FD       A7         0
                text9                               4CE      4CE       2A         0
                text8                               4F8      4F8       29         0
                text7                               154      154       A9         0
                text6                               5AF      5AF       11         0
                text5                               5C0      5C0        F         0
                text4                               38F      38F       6B         0
                text3                                29       29      12B         0
                text2                               31A      31A       75         0
                text1                               521      521       26         0
                maintext                            547      547       22         0
                clrtext                             5D8      5D8        8         0
                inittext                            59C      59C       13         0
                idataBANK0                          5E0      5E0        7         0

        CLASS   STRCODE        

        CLASS   STRING         
                strings                             453      453       4F         0

        CLASS   CONST          

        CLASS   ENTRY          

        CLASS   COMMON         
                cstackCOMMON                         70       70        C         1

        CLASS   BANK0          
                cstackBANK0                          20       20       1E         1
                dataBANK0                            5A       5A        7         1
                bssBANK0                             3E       3E       1C         1

        CLASS   BANK1          

        CLASS   BANK2          

        CLASS   BANK3          

        CLASS   RAM            

        CLASS   ABS1           
                abs_s1                               7E       7E        2         1

        CLASS   SFR0           

        CLASS   SFR1           

        CLASS   SFR2           

        CLASS   SFR3           

        CLASS   CONFIG         
                config                             2007     2007        1         4

        CLASS   IDLOC          

        CLASS   EEDATA         

        CLASS   HEAP           

        CLASS   STACK          



SEGMENTS        Name                           Load    Length   Top    Selector   Space  Class     Delta

                reset_vec                      000000  000003  000003         0       0  CODE        2
                intentry                       000004  00044F  000453         8       0  CODE        2
                cstackBANK0                    000020  000041  000061        20       1  BANK0       1
                cstackCOMMON                   000070  00000C  00007C        70       1  COMMON      1
                strings                        000453  00004F  0004A2       8A6       0  STRING      2
                text14                         0004A2  000145  0005E7       944       0  CODE        2


UNUSED ADDRESS RANGES

        Name                Unused          Largest block    Delta
        BANK0            0061-006F              F           1
        BANK1            00A0-00EF             50           1
        BANK2            0110-016F             60           1
        BANK3            0190-01EF             60           1
        CODE             0003-0003              1           2
                         05E7-1FFF            800
        COMMON           007C-007D              2           1
        CONST            0003-0003              1           2
                         05E7-1FFF            100
        EEDATA           2100-21FF            100           2
        ENTRY            0003-0003              1           2
                         05E7-1FFF            100
        IDLOC            2000-2003              4           2
        RAM              0061-006F              F           1
                         00A0-00EF             50
                         0110-016F             60
                         0190-01EF             60
        SFR0             0000-001F             20           1
        SFR1             0080-009F             20           1
        SFR2             0100-010F             10           1
        SFR3             0180-018F             10           1
        STRCODE          0003-0003              1           2
                         05E7-1FFF           1A19
        STRING           0003-0003              1           2
                         05E7-1FFF            100

                                  Symbol Table

?___awmod                                     cstackCOMMON 0072
?_millis                                      cstackCOMMON 0072
_DATOS                                        strings      0459
_INTCONbits                                   (abs)        000B
_INT_TMR0                                     text16       0569
_OPTION_REGbits                               (abs)        0081
_PORTA                                        (abs)        0005
_PORTB                                        (abs)        0006
_PORTBbits                                    (abs)        0006
_PORTC                                        (abs)        0007
_PORTCbits                                    (abs)        0007
_PORTD                                        (abs)        0008
_TMR0                                         (abs)        0001
_TRISA                                        (abs)        0085
_TRISB                                        (abs)        0086
_TRISC                                        (abs)        0087
_TRISD                                        (abs)        0088
__H__absolute__                               __absolute__ 0000
__Habs1                                       abs1         0000
__Hbank0                                      bank0        0000
__Hbank1                                      bank1        0000
__Hbank2                                      bank2        0000
__Hbank3                                      bank3        0000
__HbssBANK0                                   bssBANK0     0000
__Hcinit                                      cinit        0029
__Hclrtext                                    clrtext      0000
__Hcode                                       code         0000
__Hcommon                                     common       0000
__Hconfig                                     config       2008
__HcstackBANK0                                cstackBANK0  0000
__HcstackCOMMON                               cstackCOMMON 0000
__HdataBANK0                                  dataBANK0    0000
__Heeprom_data                                eeprom_data  0000
__Hend_init                                   end_init     000F
__Hfunctab                                    functab      0000
__Hheap                                       heap         0000
__HidataBANK0                                 idataBANK0   0000
__Hinit                                       init         000C
__Hinittext                                   inittext     0000
__Hintentry                                   intentry     000C
__Hmaintext                                   maintext     0000
__Hpowerup                                    powerup      0000
__Hram                                        ram          0000
__Hreset_vec                                  reset_vec    0003
__Hsfr0                                       sfr0         0000
__Hsfr1                                       sfr1         0000
__Hsfr2                                       sfr2         0000
__Hsfr3                                       sfr3         0000
__Hsivt                                       sivt         000C
__Hspace_0                                    (abs)        05E7
__Hspace_1                                    (abs)        007C
__Hspace_2                                    (abs)        0000
__Hspace_3                                    (abs)        0000
__Hspace_4                                    (abs)        400F
__Hstack                                      stack        0000
__Hstrings                                    strings      0000
__Htext                                       text         0000
__L__absolute__                               __absolute__ 0000
__Labs1                                       abs1         0000
__Lbank0                                      bank0        0000
__Lbank1                                      bank1        0000
__Lbank2                                      bank2        0000
__Lbank3                                      bank3        0000
__LbssBANK0                                   bssBANK0     0000
__Lcinit                                      cinit        000F
__Lclrtext                                    clrtext      0000
__Lcode                                       code         0000
__Lcommon                                     common       0000
__Lconfig                                     config       0000
__LcstackBANK0                                cstackBANK0  0000
__LcstackCOMMON                               cstackCOMMON 0000
__LdataBANK0                                  dataBANK0    0000
__Leeprom_data                                eeprom_data  0000
__Lend_init                                   end_init     000C
__Lfunctab                                    functab      0000
__Lheap                                       heap         0000
__LidataBANK0                                 idataBANK0   0000
__Linit                                       init         000C
__Linittext                                   inittext     0000
__Lintentry                                   intentry     0004
__Lmaintext                                   maintext     0000
__Lpowerup                                    powerup      0000
__Lram                                        ram          0000
__Lreset_vec                                  reset_vec    0000
__Lsfr0                                       sfr0         0000
__Lsfr1                                       sfr1         0000
__Lsfr2                                       sfr2         0000
__Lsfr3                                       sfr3         0000
__Lsivt                                       sivt         000C
__Lspace_0                                    (abs)        0000
__Lspace_1                                    (abs)        0000
__Lspace_2                                    (abs)        0000
__Lspace_3                                    (abs)        0000
__Lspace_4                                    (abs)        0000
__Lstack                                      stack        0000
__Lstrings                                    strings      0000
__Ltext                                       text         0000
__S0                                          (abs)        05E7
__S1                                          (abs)        007C
__S3                                          (abs)        0000
___awmod                                      text13       03FA
___awmod@counter                              cstackCOMMON 0076
___awmod@dividend                             cstackCOMMON 0074
___awmod@divisor                              cstackCOMMON 0072
___awmod@sign                                 cstackCOMMON 0077
___heap_hi                                    (abs)        0000
___heap_lo                                    (abs)        0000
___int_sp                                     stack        0000
___int_stack_hi                               stack        0000
___int_stack_lo                               stack        0000
___latbits                                    (abs)        0002
___sp                                         stack        0000
___stack_hi                                   stack        0000
___stack_lo                                   stack        0000
___stackhi                                    (abs)        0000
___stacklo                                    (abs)        0000
__end_of_DATOS                                strings      0484
__end_of_INT_TMR0                             text16       0587
__end_of___awmod                              text13       0453
__end_of__initialization                      cinit        0025
__end_of__stringtab                           strings      0459
__end_of_actualizar_temporizador              text2        038F
__end_of_botones                              text7        01FD
__end_of_configurar_hardware                  text6        05C0
__end_of_configurar_tmr0                      text5        05CF
__end_of_convertir_tiempo_a_display           text15       05D8
__end_of_decremento_temporizador              text9        04F8
__end_of_diferentes_mensajes                  text3        0154
__end_of_efecto_titilar                       text4        03FA
__end_of_incremento_temporizador              text8        0521
__end_of_main                                 maintext     0569
__end_of_millis                               text12       059C
__end_of_mostrar_mensajes                     text14       04CE
__end_of_proceso_on                           text1        0547
__end_of_verificar_fin_temporizador           text10       02A4
__end_of_visualizar_display                   text11       031A
__end_ofdiferentes_mensajes@ms_inicio_proceso strings      0490
__end_ofdiferentes_mensajes@ms_para_35w       strings      0496
__end_ofdiferentes_mensajes@ms_para_50w       strings      0493
__end_ofdiferentes_mensajes@sec1              strings      04A2
__end_ofdiferentes_mensajes@sec2              strings      049F
__end_ofdiferentes_mensajes@sec3              strings      049C
__end_ofdiferentes_mensajes@sec4              strings      0499
__end_ofefecto_titilar@apagado                strings      048D
__end_ofverificar_fin_temporizador@MS_CLEAR   strings      0487
__end_ofverificar_fin_temporizador@MS_OFF     strings      048A
__initialization                              cinit        000F
__pbssBANK0                                   bssBANK0     003E
__pcstackBANK0                                cstackBANK0  0020
__pcstackCOMMON                               cstackCOMMON 0070
__pdataBANK0                                  dataBANK0    005A
__pidataBANK0                                 idataBANK0   05E0
__pintentry                                   intentry     0004
__pmaintext                                   maintext     0547
__pstrings                                    strings      0453
__ptext1                                      text1        0521
__ptext10                                     text10       01FD
__ptext11                                     text11       02A4
__ptext12                                     text12       0587
__ptext13                                     text13       03FA
__ptext14                                     text14       04A2
__ptext15                                     text15       05CF
__ptext16                                     text16       0569
__ptext2                                      text2        031A
__ptext3                                      text3        0029
__ptext4                                      text4        038F
__ptext5                                      text5        05C0
__ptext6                                      text6        05AF
__ptext7                                      text7        0154
__ptext8                                      text8        04F8
__ptext9                                      text9        04CE
__stringbase                                  strings      0458
__stringtab                                   strings      0453
_actualizar_temporizador                      text2        031A
_botones                                      text7        0154
_centenas                                     dataBANK0    005E
_configurar_hardware                          text6        05AF
_configurar_tmr0                              text5        05C0
_cont                                         bssBANK0     0057
_convertir_tiempo_a_display                   text15       05CF
_decenas                                      dataBANK0    005F
_decremento_temporizador                      text9        04CE
_diferentes_mensajes                          text3        0029
_display_buffer                               dataBANK0    005A
_display_state                                bssBANK0     0059
_efecto_titilar                               text4        038F
_incremento_temporizador                      text8        04F8
_main                                         maintext     0547
_milisegundos                                 bssBANK0     004E
_millis                                       text12       0587
_modo_proceso                                 bssBANK0     0054
_mostrar_mensajes                             text14       04A2
_mostrar_mensajes$238                         cstackCOMMON 0075
_ms_state                                     bssBANK0     0053
_ms_tiempo                                    bssBANK0     0055
_on_off                                       bssBANK0     0058
_proceso_on                                   text1        0521
_temporizador_activo                          dataBANK0    0060
_unidades                                     bssBANK0     0056
_verificar_fin_temporizador                   text10       01FD
_verificar_fin_temporizador$289               cstackBANK0  0030
_visualizar_display                           text11       02A4
actualizar_temporizador@last_second           bssBANK0     003E
actualizar_temporizador@now                   cstackBANK0  003A
btemp                                         (abs)        007E
clear_ram0                                    clrtext      05D8
diferentes_mensajes@last_change               bssBANK0     0046
diferentes_mensajes@mostrar_ms                bssBANK0     0052
diferentes_mensajes@ms_inicio_proceso         strings      048D
diferentes_mensajes@ms_para_35w               strings      0493
diferentes_mensajes@ms_para_50w               strings      0490
diferentes_mensajes@now                       cstackBANK0  0032
diferentes_mensajes@sec1                      strings      049F
diferentes_mensajes@sec2                      strings      049C
diferentes_mensajes@sec3                      strings      0499
diferentes_mensajes@sec4                      strings      0496
efecto_titilar@apagado                        strings      048A
efecto_titilar@last_change                    bssBANK0     0042
efecto_titilar@longitud                       cstackBANK0  0020
efecto_titilar@mensaje                        cstackBANK0  002D
efecto_titilar@mostrar                        dataBANK0    005D
efecto_titilar@now                            cstackBANK0  0029
efecto_titilar@tiempo                         cstackBANK0  0021
end_of_initialization                         cinit        0025
init_fetch0                                   inittext     059C
init_ram0                                     inittext     05A0
interrupt_function                            intentry     0004
intlevel0                                     functab      0000
intlevel1                                     functab      0000
intlevel2                                     functab      0000
intlevel3                                     functab      0000
intlevel4                                     functab      0000
intlevel5                                     functab      0000
millis@m                                      cstackCOMMON 0076
mostrar_mensajes@i                            cstackCOMMON 0078
mostrar_mensajes@longitud                     cstackCOMMON 0072
mostrar_mensajes@mensaje                      cstackCOMMON 0077
reset_vec                                     reset_vec    0000
saved_w                                       (abs)        007E
start                                         init         000C
start_initialization                          cinit        000F
verificar_fin_temporizador@MS_CLEAR           strings      0484
verificar_fin_temporizador@MS_OFF             strings      0487
verificar_fin_temporizador@last_change        cstackBANK0  002C
verificar_fin_temporizador@mostrar_dos_ms     cstackBANK0  0035
verificar_fin_temporizador@now                cstackBANK0  0031
visualizar_display@last_mux                   bssBANK0     004A
visualizar_display@now                        cstackBANK0  0024
wtemp0                                        (abs)        007E


MODULE INFORMATION

Module		Function		Class		Link	Load	Size
shared
		diferentes_mensajes@sec1		STRING         	049F	0000	3
		diferentes_mensajes@sec4		STRING         	0496	0000	3
		__stringtab    		STRING         	0453	0000	6
		diferentes_mensajes@ms_para_50w		STRING         	0490	0000	3
		diferentes_mensajes@ms_para_35w		STRING         	0493	0000	3
		efecto_titilar@apagado		STRING         	048A	0000	3
		diferentes_mensajes@sec3		STRING         	0499	0000	3
		verificar_fin_temporizador@MS_OFF		STRING         	0487	0000	3
		__initialization		CODE           	000F	0000	22
		diferentes_mensajes@sec2		STRING         	049C	0000	3
		_DATOS         		STRING         	0459	0000	43
		verificar_fin_temporizador@MS_CLEAR		STRING         	0484	0000	3
		diferentes_mensajes@ms_inicio_proceso		STRING         	048D	0000	3

shared estimated size: 101

Codigo_fuente.c
		_configurar_hardware		CODE           	05AF	0000	17
		_incremento_temporizador		CODE           	04F8	0000	41
		_millis        		CODE           	0587	0000	21
		_mostrar_mensajes		CODE           	04A2	0000	44
		_verificar_fin_temporizador		CODE           	01FD	0000	167
		_main          		CODE           	0547	0000	34
		_proceso_on    		CODE           	0521	0000	38
		_actualizar_temporizador		CODE           	031A	0000	117
		_configurar_tmr0		CODE           	05C0	0000	15
		_convertir_tiempo_a_display		CODE           	05CF	0000	9
		_visualizar_display		CODE           	02A4	0000	118
		_INT_TMR0      		CODE           	0569	0000	30
		_decremento_temporizador		CODE           	04CE	0000	42
		_botones       		CODE           	0154	0000	169
		_diferentes_mensajes		CODE           	0029	0000	299
		_efecto_titilar		CODE           	038F	0000	107

Codigo_fuente.c estimated size: 1268

C:\Program Files\Microchip\xc8\v2.46\pic\sources\c99\common\awmod.c
		___awmod       		CODE           	03FA	0000	89

C:\Program Files\Microchip\xc8\v2.46\pic\sources\c99\common\awmod.c estimated size: 89

